#-----------------------------------------------------------
# Vivado v2025.1 (64-bit)
# SW Build 6140274 on Thu May 22 00:12:29 MDT 2025
# IP Build 6138677 on Thu May 22 03:10:11 MDT 2025
# SharedData Build 6139179 on Tue May 20 17:58:58 MDT 2025
# Start of session at: Tue Dec 16 18:37:05 2025
# Process ID         : 26192
# Current directory  : C:/Users/jvald/Desktop/CURSO 25 - 26/SED/Trabajo/VHDL/VHDL/project_1/project_1.runs/synth_1
# Command line       : vivado.exe -log Top_LIFT.vds -product Vivado -mode batch -messageDb vivado.pb -notrace -source Top_LIFT.tcl
# Log file           : C:/Users/jvald/Desktop/CURSO 25 - 26/SED/Trabajo/VHDL/VHDL/project_1/project_1.runs/synth_1/Top_LIFT.vds
# Journal file       : C:/Users/jvald/Desktop/CURSO 25 - 26/SED/Trabajo/VHDL/VHDL/project_1/project_1.runs/synth_1\vivado.jou
# Running On         : Asus_JaviValdes
# Platform           : Windows Server 2016 or Windows 10
# Operating System   : 26100
# Processor Detail   : 12th Gen Intel(R) Core(TM) i7-1255U
# CPU Frequency      : 2611 MHz
# CPU Physical cores : 10
# CPU Logical cores  : 12
# Host memory        : 16850 MB
# Swap memory        : 9663 MB
# Total Virtual      : 26513 MB
# Available Virtual  : 6770 MB
#-----------------------------------------------------------
source Top_LIFT.tcl -notrace
