#-----------------------------------------------------------
# Vivado v2025.1 (64-bit)
# SW Build 6140274 on Thu May 22 00:12:29 MDT 2025
# IP Build 6138677 on Thu May 22 03:10:11 MDT 2025
# SharedData Build 6139179 on Tue May 20 17:58:58 MDT 2025
# Start of session at: Thu Dec 11 19:30:05 2025
# Process ID         : 22588
# Current directory  : C:/Users/javie/OneDrive/Escritorio/UNI 25-26/1ER CUATRI/SED/Trabajo VHDL/VHDL/project_1
# Command line       : vivado.exe -gui_launcher_event rodinguilauncherevent2252 C:\Users\javie\OneDrive\Escritorio\UNI 25-26\1ER CUATRI\SED\Trabajo VHDL\VHDL\project_1\project_1.xpr
# Log file           : C:/Users/javie/OneDrive/Escritorio/UNI 25-26/1ER CUATRI/SED/Trabajo VHDL/VHDL/project_1/vivado.log
# Journal file       : C:/Users/javie/OneDrive/Escritorio/UNI 25-26/1ER CUATRI/SED/Trabajo VHDL/VHDL/project_1\vivado.jou
# Running On         : Javi_SM
# Platform           : Windows Server 2016 or Windows 10
# Operating System   : 26200
# Processor Detail   : 11th Gen Intel(R) Core(TM) i7-1165G7 @ 2.80GHz
# CPU Frequency      : 2803 MHz
# CPU Physical cores : 4
# CPU Logical cores  : 8
# Host memory        : 8269 MB
# Swap memory        : 15032 MB
# Total Virtual      : 23302 MB
# Available Virtual  : 10100 MB
#-----------------------------------------------------------
start_gui
open_project {C:/Users/javie/OneDrive/Escritorio/UNI 25-26/1ER CUATRI/SED/Trabajo VHDL/VHDL/project_1/project_1.xpr}
update_compile_order -fileset sources_1
